// Jest Snapshot v1, https://goo.gl/fbAQLP

exports[`Images List renders error successfully 1`] = `
<div>
  <div
    class="sc-bdfBQB bbJNNs"
  >
    <div
      class="error"
    >
      <p
        class="MuiTypography-root MuiTypography-body1 css-ahj2mt-MuiTypography-root"
      >
        Failed to fetch images
      </p>
      <button
        class="MuiButton-root MuiButton-contained MuiButton-containedPrimary MuiButton-sizeMedium MuiButton-containedSizeMedium MuiButtonBase-root css-1epge1b-MuiButtonBase-root-MuiButton-root"
        tabindex="0"
        type="button"
      >
        Retry
        <span
          class="MuiTouchRipple-root css-8je8zh-MuiTouchRipple-root"
        >
          <span
            class="css-y4cjyz-MuiTouchRipple-ripple MuiTouchRipple-ripple MuiTouchRipple-rippleVisible"
            style="width: 2.8284271247461903px; height: 2.8284271247461903px; top: -1.4142135623730951px; left: -1.4142135623730951px;"
          >
            <span
              class="MuiTouchRipple-child MuiTouchRipple-childLeaving"
            />
          </span>
        </span>
      </button>
    </div>
  </div>
</div>
`;

exports[`Images List renders loading successfully 1`] = `
<div>
  <div
    class="sc-bdfBQB bbJNNs"
  >
    <div
      class="loading"
    >
      <span
        class="MuiCircularProgress-root MuiCircularProgress-indeterminate MuiCircularProgress-colorPrimary css-lepzwj-MuiCircularProgress-root"
        role="progressbar"
        style="width: 45px; height: 45px;"
      >
        <svg
          class="MuiCircularProgress-svg css-1idz92c-MuiCircularProgress-svg"
          viewBox="22 22 44 44"
        >
          <circle
            class="MuiCircularProgress-circle MuiCircularProgress-circleIndeterminate css-176wh8e-MuiCircularProgress-circle"
            cx="44"
            cy="44"
            fill="none"
            r="19.5"
            stroke-width="5"
          />
        </svg>
      </span>
    </div>
  </div>
</div>
`;

exports[`Images List renders the images successfully 1`] = `
<div>
  <div
    class="sc-bdfBQB bbJNNs"
  >
    <ul
      class="images-list"
    >
      <div
        data-testid="image-filler"
      />
      <div
        data-testid="image-filler"
      />
      <div
        data-testid="image-card"
      />
      <div
        data-testid="image-card"
      />
      <div
        data-testid="image-card"
      />
    </ul>
    <div
      data-testid="images-fetcher"
    />
  </div>
</div>
`;
