// Jest Snapshot v1, https://goo.gl/fbAQLP

exports[`Image Sizes renders successfully 1`] = `
<div>
  <div
    class="sc-bdfBQB ekGQIK"
  >
    <div
      class="MuiButtonGroup-root MuiButtonGroup-outlined css-10mxj9p-MuiButtonGroup-root"
      role="group"
    >
      <button
        class="MuiButton-root MuiButton-outlined MuiButton-outlinedSecondary MuiButton-sizeMedium MuiButton-outlinedSizeMedium MuiButtonBase-root MuiButtonGroup-grouped MuiButtonGroup-groupedHorizontal MuiButtonGroup-groupedOutlined MuiButtonGroup-groupedOutlinedHorizontal MuiButtonGroup-groupedOutlinedSecondary css-gqx3nw-MuiButtonBase-root-MuiButton-root"
        tabindex="0"
        type="button"
      >
        48
        px
        <span
          class="MuiTouchRipple-root css-8je8zh-MuiTouchRipple-root"
        />
      </button>
      <button
        class="MuiButton-root MuiButton-contained MuiButton-containedSecondary MuiButton-sizeMedium MuiButton-containedSizeMedium MuiButtonBase-root MuiButtonGroup-grouped MuiButtonGroup-groupedHorizontal MuiButtonGroup-groupedOutlined MuiButtonGroup-groupedOutlinedHorizontal MuiButtonGroup-groupedOutlinedSecondary css-1yrmfgj-MuiButtonBase-root-MuiButton-root"
        tabindex="0"
        type="button"
      >
        400
        px
        <span
          class="MuiTouchRipple-root css-8je8zh-MuiTouchRipple-root"
        />
      </button>
      <button
        class="MuiButton-root MuiButton-outlined MuiButton-outlinedSecondary MuiButton-sizeMedium MuiButton-outlinedSizeMedium MuiButtonBase-root MuiButtonGroup-grouped MuiButtonGroup-groupedHorizontal MuiButtonGroup-groupedOutlined MuiButtonGroup-groupedOutlinedHorizontal MuiButtonGroup-groupedOutlinedSecondary css-gqx3nw-MuiButtonBase-root-MuiButton-root"
        tabindex="0"
        type="button"
      >
        800
        px
        <span
          class="MuiTouchRipple-root css-8je8zh-MuiTouchRipple-root"
        />
      </button>
      <button
        class="MuiButton-root MuiButton-outlined MuiButton-outlinedSecondary MuiButton-sizeMedium MuiButton-outlinedSizeMedium MuiButtonBase-root MuiButtonGroup-grouped MuiButtonGroup-groupedHorizontal MuiButtonGroup-groupedOutlined MuiButtonGroup-groupedOutlinedHorizontal MuiButtonGroup-groupedOutlinedSecondary css-gqx3nw-MuiButtonBase-root-MuiButton-root"
        tabindex="0"
        type="button"
      >
        1280
        px
        <span
          class="MuiTouchRipple-root css-8je8zh-MuiTouchRipple-root"
        />
      </button>
    </div>
  </div>
</div>
`;
